// Jest Snapshot v1, https://goo.gl/fbAQLP

exports[`<Home /> Link matches snapshot: /home/chance-01/dev/react-starter/src/__tests__/components/Home.spec.js.snap 1`] = `
<div
  className="Home sc-ifAKCX bWQfHe"
>
  <p>
    We are at home :)
  </p>
  <div
    className="sc-bdVaJa hXNufC"
  >
    <p
      className="sc-bwzfXH cXGpPr"
    >
      LeftSide :)
    </p>
    <p
      className="sc-bwzfXH edTkHj"
    >
      <a
        href="/home/right"
        onClick={[Function]}
      >
        click
      </a>
    </p>
  </div>
</div>
`;
